// Vitest Snapshot v1, https://vitest.dev/guide/snapshot.html

exports[`MyHeader component > mounts without errors 1`] = `
"<div class="flex items-center justify-between py-3">
  <div>
    <h1>Header</h1>
  </div>
  <!--v-if-->
</div>"
`;
